✔ 1.108 skips bounded non-behavioral work without writing an empty report (128.599417ms)
✔ 1.108 keeps ambiguous behavioral work in technical inspection instead of asking the user (108.761292ms)
✔ 1.113 discovery includes ESM implementation and test sources (68.623625ms)
✔ 1.108 candidate output fails closed without exact Work Queue, semantic inspection, and Challenger closure (227.605084ms)
✔ 1.108 accepts only a complete lifecycle, provenance, task, authority, and Challenger-bound Universe (300.885084ms)
✔ 1.108 rejects structurally valid Challenger evidence from another task (304.264041ms)
✔ 1.108 rejects a missing lifecycle declaration even when the remaining scenarios are valid (299.488792ms)
✔ 1.108 rejects fixture, mock, seed, or manual paths presented as runtime proof (299.336ms)
✔ 1.108 preserves every scenario through Business Rule, Impact, and Verification Plan (834.078208ms)
✔ 1.108 fails when Change Impact drops one Business Universe scenario (367.582292ms)
✔ 1.108 preserves every scenario through Plan Review, Test Evidence, Execution Assurance, and Completion (10402.779125ms)
✔ 1.108 rejects a scenario removed from a downstream completion consumer (2515.571792ms)
✔ routing is conditional and keeps technical judgment away from the user (3.158792ms)
✔ exact effective proof passes strict checking (75.024542ms)
✔ PASS-like evidence cannot hide semantic mismatch or missing failure capability (127.510208ms)
✔ changed implementation and copied-project evidence fail closed (128.357458ms)
✔ filenames cannot grant current authority; only explicit report selection can (164.313125ms)
✔ bounded adapters reject shell, network, secrets, and unsafe cleanup (0.577375ms)
✔ blocked bindings are valid only as explicit non-ready evidence (1.10775ms)
✔ Plan Review accepts digest-only Control Effectiveness identity without weakening task binding (118.54425ms)
✔ current manifest passes strict authority checks (110.434125ms)
✔ 1.113 manifest closes imported and runtime-script distribution dependencies (0.711625ms)
✔ manifest checker fails closed when a distributed import is omitted (98.4915ms)
✔ manifest checker fails closed when a package runtime script is outside source authority (100.577166ms)
✔ installed managed manifest overrides a stale root manifest (0.968167ms)
✔ an arbitrary project root manifest is not source authority (0.908458ms)
▶ strict schema rejects unknown fields at every manifest layer
  ✔ root (42.958ms)
  ✔ group (43.099125ms)
  ✔ compatibility (44.012208ms)
  ✔ copy rules (43.324833ms)
  ✔ copy rule item (43.020292ms)
✔ strict schema rejects unknown fields at every manifest layer (217.169958ms)
✔ checker rejects an exact duplicate target (43.727ms)
✔ checker rejects conflicting source-to-target mappings (49.075666ms)
✔ checker rejects redundant ancestor-child mappings (50.802458ms)
✔ checker rejects conflicting target-space overlaps (49.825416ms)
✔ reverse drift guard covers every current test and schema source (100.984792ms)
✔ reverse drift ignores an untracked draft outside the exact Git candidate (101.765917ms)
✔ manifest cannot declare an untracked worktree file as source authority (99.04875ms)
✔ manifest copy directories cannot smuggle untracked worktree files (99.220125ms)
✔ manifest strict validation fails when the Git candidate is unreadable (919.450291ms)
✔ hosted GitHub Actions is optional while local checker core remains distributed (0.304291ms)
✔ normalized manifest preserves generated assets (11719.047959ms)
✔ operating baseline consumption preserves LOW advisories after strict baselines pass (0.74025ms)
✔ operating baseline consumption rejects missing, stale, and incomplete baseline authority (0.235083ms)
✔ LOW planning emits one non-authorizing Execution Entry Contract (458.79825ms)
✔ implicit Execution Entry Contract selection fails closed when current reports are ambiguous (324.12575ms)
✔ POSSIBLE_HIGH remains discovery-only and emits no contract (328.182917ms)
✔ task mismatch fails closed and cannot emit a contract (218.248084ms)
✔ strict checker fails with no report while explicit distribution smoke may skip (159.820542ms)
✔ source drift invalidates an existing ready report (276.638334ms)
✔ repository batch preserves historical planning closures while explicit old selection stays strict (443.969875ms)
✔ repository Plan Review batch audits history without promoting it to current authority (2649.441459ms)
ℹ tests 53
ℹ suites 0
ℹ pass 53
ℹ fail 0
ℹ cancelled 0
ℹ skipped 0
ℹ todo 0
ℹ duration_ms 35283.087417

process_signal=none
