
> intentos@1.113.0 verify:evidence-retention
> node --check scripts/lib/evidence-retention.mjs && node --check scripts/check-evidence-retention.mjs && node --test tests/evidence-retention.test.mjs && node scripts/check-evidence-retention.mjs . --strict

✔ 1.118 keeps historical oversized evidence outside forward-only budgets (3.094417ms)
✔ 1.118 bounds Business Universe retention to observed task sources (0.566708ms)
✔ 1.118 rejects more than one durable runtime archive for a task (2.196167ms)
✔ 1.118 rejects standalone full verification logs (1.673166ms)
✔ 1.118 rejects duplicate raw content (1.838041ms)
✔ 1.118 rejects raw evidence and report budget overflow without truncating (2.299625ms)
✔ 1.118 rejects a durable runtime without complete manifest binding (1.574709ms)
✔ 1.118 installs and executes the same retention policy in a generated project (11399.514667ms)
ℹ tests 8
ℹ suites 0
ℹ pass 8
ℹ fail 0
ℹ cancelled 0
ℹ skipped 0
ℹ todo 0
ℹ duration_ms 11463.235459
PASS task 118 retains 12 raw evidence files totaling 55215 bytes
PASS task 119 retains 22 raw evidence files totaling 64738 bytes
PASS evidence retention policy intentos-forward-evidence-retention is satisfied

process_signal=none
