✔ 1.108 skips bounded non-behavioral work without writing an empty report (147.870792ms)
✔ 1.108 keeps ambiguous behavioral work in technical inspection instead of asking the user (127.495584ms)
✔ 1.113 discovery includes ESM implementation and test sources (81.965958ms)
✔ 1.108 candidate output fails closed without exact Work Queue, semantic inspection, and Challenger closure (268.091542ms)
✔ 1.108 accepts only a complete lifecycle, provenance, task, authority, and Challenger-bound Universe (345.565625ms)
✔ 1.108 rejects structurally valid Challenger evidence from another task (337.289625ms)
✔ 1.108 rejects a missing lifecycle declaration even when the remaining scenarios are valid (317.749167ms)
✔ 1.108 rejects fixture, mock, seed, or manual paths presented as runtime proof (322.660584ms)
✔ 1.108 preserves every scenario through Business Rule, Impact, and Verification Plan (947.754875ms)
✔ 1.108 fails when Change Impact drops one Business Universe scenario (473.232584ms)
✔ 1.108 preserves every scenario through Plan Review, Test Evidence, Execution Assurance, and Completion (11260.424208ms)
✔ 1.108 rejects a scenario removed from a downstream completion consumer (2578.827125ms)
✔ routing is conditional and keeps technical judgment away from the user (3.3145ms)
✔ exact effective proof passes strict checking (87.747291ms)
✔ PASS-like evidence cannot hide semantic mismatch or missing failure capability (147.672791ms)
✔ changed implementation and copied-project evidence fail closed (160.744791ms)
✔ filenames cannot grant current authority; only explicit report selection can (195.915625ms)
✔ bounded adapters reject shell, network, secrets, and unsafe cleanup (0.565ms)
✔ blocked bindings are valid only as explicit non-ready evidence (1.072542ms)
✔ Plan Review accepts digest-only Control Effectiveness identity without weakening task binding (137.944667ms)
✔ current manifest passes strict authority checks (134.662416ms)
✔ 1.113 manifest closes imported and runtime-script distribution dependencies (0.844334ms)
✔ manifest checker fails closed when a distributed import is omitted (115.754709ms)
✔ manifest checker fails closed when a package runtime script is outside source authority (127.072ms)
✔ installed managed manifest overrides a stale root manifest (1.261916ms)
✔ an arbitrary project root manifest is not source authority (1.023958ms)
▶ strict schema rejects unknown fields at every manifest layer
  ✔ root (51.973375ms)
  ✔ group (51.411333ms)
  ✔ compatibility (51.415792ms)
  ✔ copy rules (52.899292ms)
  ✔ copy rule item (51.487125ms)
✔ strict schema rejects unknown fields at every manifest layer (260.077875ms)
✔ checker rejects an exact duplicate target (52.212417ms)
✔ checker rejects conflicting source-to-target mappings (59.228333ms)
✔ checker rejects redundant ancestor-child mappings (54.996125ms)
✔ checker rejects conflicting target-space overlaps (54.922375ms)
✔ reverse drift guard covers every current test and schema source (111.853125ms)
✔ reverse drift ignores an untracked draft outside the exact Git candidate (112.11825ms)
✔ manifest cannot declare an untracked worktree file as source authority (106.47125ms)
✔ manifest copy directories cannot smuggle untracked worktree files (108.312458ms)
✔ manifest strict validation fails when the Git candidate is unreadable (978.744791ms)
✔ hosted GitHub Actions is optional while local checker core remains distributed (0.205791ms)
✔ normalized manifest preserves generated assets (10977.387ms)
✔ operating baseline consumption preserves LOW advisories after strict baselines pass (0.810667ms)
✔ operating baseline consumption rejects missing, stale, and incomplete baseline authority (0.263042ms)
✔ LOW planning emits one non-authorizing Execution Entry Contract (554.125709ms)
✔ implicit Execution Entry Contract selection fails closed when current reports are ambiguous (393.05425ms)
✔ POSSIBLE_HIGH remains discovery-only and emits no contract (374.0615ms)
✔ task mismatch fails closed and cannot emit a contract (237.418375ms)
✔ strict checker fails with no report while explicit distribution smoke may skip (171.183042ms)
✔ source drift invalidates an existing ready report (300.101791ms)
✔ repository batch preserves historical planning closures while explicit old selection stays strict (517.5355ms)
✔ repository Plan Review batch audits history without promoting it to current authority (2936.16575ms)
ℹ tests 53
ℹ suites 0
ℹ pass 53
ℹ fail 0
ℹ cancelled 0
ℹ skipped 0
ℹ todo 0
ℹ duration_ms 17267.224167

process_signal=none
