
> intentos@1.113.0 verify:evidence-retention
> node --check scripts/lib/evidence-retention.mjs && node --check scripts/check-evidence-retention.mjs && node --test tests/evidence-retention.test.mjs && node scripts/check-evidence-retention.mjs . --strict

✔ 1.118 keeps historical oversized evidence outside forward-only budgets (3.118666ms)
✔ 1.118 bounds Business Universe retention to observed task sources (0.58ms)
✔ 1.118 rejects more than one durable runtime archive for a task (2.208417ms)
✔ 1.118 rejects standalone full verification logs (1.921208ms)
✔ 1.118 rejects duplicate raw content (1.809875ms)
✔ 1.118 rejects raw evidence and report budget overflow without truncating (4.024291ms)
✔ 1.118 rejects a durable runtime without complete manifest binding (1.506458ms)
✔ 1.118 installs and executes the same retention policy in a generated project (10798.737833ms)
ℹ tests 8
ℹ suites 0
ℹ pass 8
ℹ fail 0
ℹ cancelled 0
ℹ skipped 0
ℹ todo 0
ℹ duration_ms 10865.768708
PASS task 118 retains 12 raw evidence files totaling 55215 bytes
PASS task 119 retains 4 raw evidence files totaling 8109 bytes
PASS evidence retention policy intentos-forward-evidence-retention is satisfied

process_signal=none
