
> intentos@1.113.0 verify:consumer-syntax
> node --check scripts/lib/release-action-authority.mjs && node --check scripts/lib/check-result.mjs && node --check scripts/lib/task-obligations.mjs && node --check scripts/lib/execution-assurance-consumer.mjs && node --check scripts/lib/current-trust-fixture.mjs && node --check scripts/check-consumer-chain.mjs && node --test tests/typed-consumer-contract.test.mjs tests/task-obligation-hardcut.test.mjs tests/current-trust-fixture.test.mjs tests/test-evidence-obligation-proof.test.mjs

✔ implementation coverage tolerates rotating governance evidence but never omitted source (3.229542ms)
✔ current strict trust fixture reaches Completion only through current task evidence (8270.678334ms)
✔ LOW non-behavioral completion records proportional NOT_REQUIRED sources without bypassing Execution Assurance (3075.453ms)
✔ Execution Assurance rejects a recorded Test Evidence source that fails its strict checker (6756.075208ms)
✔ LOW execution keeps governed documentation scope and blocks an extra executable diff (3376.663792ms)
✔ LOW proportional completion rejects forged NOT_REQUIRED semantics and missing Execution Assurance (4017.164458ms)
✔ 1.113 Unified Closure round-trips typed current Completion Evidence and rejects weaker claims (7104.197041ms)
✔ 1.113 Change Impact rejects prose-only exclusions and unbound user decisions (6020.094792ms)
✔ actual diff authority rejects empty feature, omitted untracked, and forged file sets (103.945875ms)
✔ actual implementation diff excludes governed outputs but retains project files (65.439958ms)
✔ candidate diff sources exclude unrelated unstaged drafts (89.958791ms)
✔ cached candidate diff replays the exact committed candidate in a clean checkout (414.714875ms)
✔ 1.113 Runtime Hygiene preserves the exact current intent digest (79.72675ms)
✔ 1.113 Runtime Hygiene keeps release review compatible with a zero-experience solo user (292.18325ms)
✔ 1.113 release-channel blockers stay plain-language and do not require role assignment (51.629042ms)
✔ 1.113 Work Queue takeover ignores fixtures and accepts one governed current task in a dirty worktree (488.334875ms)
✔ 1.113 consumer chain uses HEAD for a staged candidate instead of mixing in the previous release commit (412.656458ms)
✔ 1.113 LOW non-behavioral work keeps lightweight verification but still requires execution and completion proof (81.604833ms)
✔ 1.113 explicit README copy scope is not promoted by the behavior it documents (149.038666ms)
✔ 1.113 UI activation intent outranks visual wording across English forms and Chinese requests (891.76ms)
✔ 1.113 explicit non-behavioral visual and copy requests stay LOW (405.748584ms)
✔ 1.113 low-impact visual words cannot downgrade unresolved behavior from POSSIBLE_HIGH (58.763125ms)
✔ 1.113 MEDIUM behavior keeps the minimum business, impact, verification, test, and completion chain without Universe routing (61.332833ms)
✔ 1.113 Task Governance rejects weakened Business Universe and Control Effectiveness projections (173.529959ms)
✔ 1.113 an explicit non-behavioral override cannot downgrade inferred behavior (66.235292ms)
✔ 1.113 Plan Review only accepts the exact current Task Governance identity (557.590459ms)
✔ 1.113 Plan Review binds plan content and all minimum MEDIUM obligations (655.912292ms)
✔ a missing Verification Plan produces valid blocked evidence that strict consumers reject (227.313208ms)
✔ strict Test Evidence rejects a nine-target local command declaring all 119 obligations (1029.94775ms)
✔ a required quality control is not applicable when its surface has no current obligation (732.45025ms)
✔ strict high-trust Test Evidence rejects even complete hand-written command output without Runtime Trust (1006.990958ms)
✔ a selected proof runner may bind delegated child results only through its recorded wrapper target (572.481ms)
✔ Verification Plan RUNTIME_BEHAVIOR cannot be downgraded by omitting the runtime manifest option (669.324167ms)
✔ strict checker rejects BL1 declaration-only evidence without observed behavior (245.035916ms)
✔ a blocked Verification Plan can never produce complete Test Evidence (148.895ms)
✔ 1.113 evidence authority binds an exact item inside a file-backed artifact (58.881ms)
✔ post-write evidence authority accepts only an exact ancestor source revision (291.705583ms)
✔ 1.113 missing Change Boundary and Standard Baseline artifacts are typed MISSING (84.326834ms)
✔ 1.113 strict Change Boundary fails when the required artifact is missing (38.287792ms)
✔ 1.113 execution kind uses adoption intent instead of the IntentOS product name (865.382667ms)
✔ 1.113 a structurally valid Plan Review revision is BLOCKED, not READY (75.955417ms)
✔ 1.113 project-native Review Surface evidence does not invent a task binding (1.612958ms)
✔ 1.113 historical completion evidence is readable but cannot satisfy current readiness (333.440208ms)
✔ 1.113 historical Plan Review is readable but cannot become current task authority (12.797083ms)
✔ 1.113 historical release evidence requires explicit compatibility audit and cannot satisfy current release authority (798.144125ms)
✔ 1.113 a blocked POSSIBLE_HIGH completion report may omit not-yet-created execution evidence (132.755375ms)
✔ 1.113 strict user delivery binds the current intent outside the plain user surface (121.042208ms)
ℹ tests 47
ℹ suites 0
ℹ pass 47
ℹ fail 0
ℹ cancelled 0
ℹ skipped 0
ℹ todo 0
ℹ duration_ms 39398.696792

process_signal=none
