
> intentos@1.113.0 verify:runtime-trust:core
> node --check scripts/lib/verification-runtime-adapters.mjs && node --check scripts/lib/verification-runtime-trust.mjs && node --check scripts/lib/verification-runtime-lifecycle.mjs && node --check scripts/lib/verification-runtime-consumer.mjs && node --check scripts/resolve-verification-runtime-plan.mjs && node --check scripts/resolve-verification-runtime-lifecycle.mjs && node --check scripts/check-verification-runtime-plan.mjs && node --check scripts/check-verification-runtime-lifecycle.mjs && node --check scripts/run-verification-runtime.mjs && node --check scripts/check-verification-run-manifest.mjs && node --check scripts/verification-runtime-self-service.mjs && node --test tests/verification-runtime-trust.test.mjs && node --test tests/verification-runtime-lifecycle.test.mjs && node --test tests/verification-runtime-consumer.test.mjs

✔ LOW runtime plan is automatic, lightweight, and strict (159.911ms)
✔ LOW runtime plan ignores another task's Verification Plan (102.256708ms)
✔ explicit task tier cannot downgrade classifier risk (0.125334ms)
✔ runtime adapters derive typed project contracts without user selection (6.889792ms)
✔ Kubernetes orchestration evidence outranks a generic Docker build file (9.1185ms)
✔ conflicting project-owned adapter declarations fail closed (0.745625ms)
✔ adapter contract tampering fails semantic validation (0.783667ms)
✔ POSSIBLE_HIGH runtime planning fails closed (102.240208ms)
✔ valid HIGH runtime manifest binds isolated run and cleanup evidence (272.194292ms)
✔ HIGH runtime manifest rejects missing service identity (265.398459ms)
✔ HIGH runtime manifest rejects incomplete adapter-specific identity (267.412208ms)
✔ runtime plan invalidates changed adapter discovery evidence (240.100917ms)
✔ batch runtime plan checks preserve historical records while keeping the latest plan current (413.829583ms)
✔ HIGH runtime manifest rejects production data and unsafe cleanup (263.229459ms)
✔ runtime manifest rejects raw connection credentials (263.282917ms)
✔ runtime trust report arguments cannot escape the project (73.27725ms)
✔ runtime trust report arguments reject symbolic links (75.022625ms)
ℹ tests 17
ℹ suites 0
ℹ pass 17
ℹ fail 0
ℹ cancelled 0
ℹ skipped 0
ℹ todo 0
ℹ duration_ms 2574.246125
✔ 1.103 executes a bounded command and emits current cleanup-bound evidence (432.790625ms)
✔ 1.113 archives exact run evidence for clean-checkout consumers without reusing an archive (535.504791ms)
✔ batch lifecycle and manifest checks audit history while explicit historical checks stay current-strict (820.192209ms)
▶ 1.113 rejects lifecycle manifest field tampering and offline journal synthesis
  ✔ execution argv digest tampering (386.915458ms)
  ✔ execution obligation tampering (374.653458ms)
  ✔ journal action order tampering (364.695375ms)
  ✔ offline journal missing observed action events (353.281666ms)
✔ 1.113 rejects lifecycle manifest field tampering and offline journal synthesis (1480.164625ms)
✔ 1.103 runs a local service with positive and negative probes, then cleans owned resources (1106.418833ms)
✔ 1.113 checker replays exact service, probe, resource, and cleanup sets (1443.827958ms)
✔ 1.103 blocks execution when the technical declaration is missing (211.92125ms)
✔ 1.103 JSON output preserves the Markdown evidence artifact (186.447542ms)
✔ 1.113 expands the current required Verification Plan obligations and rejects stale sources (227.340083ms)
✔ 1.113 rejects a copied current Verification Plan authority before lifecycle execution (14.523167ms)
✔ 1.103 rejects shell, provider, broad cleanup, and production-shaped commands (1.596ms)
✔ 1.113 permits bounded 30-minute verification actions but rejects longer execution (0.0655ms)
✔ 1.103 preserves dependency order within the same lifecycle phase (160.983542ms)
✔ 1.113 runtime execution binds exact staged bytes and rejects a split index/worktree candidate (872.59875ms)
✔ 1.103 rejects project-external paths and shared or production resources (1.088291ms)
✔ 1.113 records a failed executable preflight instead of projecting later cleanup as PASS (2.430542ms)
✔ 1.113 failed runtime preflight is projected as BLOCKED in the emitted manifest (225.483667ms)
✔ 1.103 interruption stops exact child processes and cleans only run-owned resources (1719.907833ms)
ℹ tests 22
ℹ suites 0
ℹ pass 22
ℹ fail 0
ℹ cancelled 0
ℹ skipped 0
ℹ todo 0
ℹ duration_ms 9496.03575
✔ 1.113 binds one authoritative runtime but missing Task Governance still blocks Completion and finish (19363.840541ms)
✔ 1.104 rejects wrong-task, copied-project, and stale-source runtime evidence (15677.170667ms)
✔ 1.113 rejects ambiguous implicit Runtime Trust selection and requires an exact manifest reference (13782.07175ms)
✔ 1.113 Runtime Trust cannot turn a broad declaration into per-obligation BL2 proof (13533.672417ms)
✔ 1.113 accepts exact observed BL2 obligation proof from the bound Runtime Trust command (13694.597333ms)
✔ 1.104 strict Runtime Trust cannot be bypassed with allow-empty or historical evidence (170.892084ms)
✔ 1.108 records an exact NOT_REQUIRED binding when no scenario needs runtime proof (0.547667ms)
✔ 1.108 rejects NOT_REQUIRED when a consumer requires runtime-trusted proof (0.409292ms)
ℹ tests 8
ℹ suites 0
ℹ pass 8
ℹ fail 0
ℹ cancelled 0
ℹ skipped 0
ℹ todo 0
ℹ duration_ms 76276.88625

process_signal=none
