✔ 1.108 skips bounded non-behavioral work without writing an empty report (139.129625ms)
✔ 1.108 keeps ambiguous behavioral work in technical inspection instead of asking the user (118.371333ms)
✔ 1.113 discovery includes ESM implementation and test sources (74.956291ms)
✔ 1.108 candidate output fails closed without exact Work Queue, semantic inspection, and Challenger closure (248.054958ms)
✔ 1.108 accepts only a complete lifecycle, provenance, task, authority, and Challenger-bound Universe (320.909416ms)
✔ 1.108 rejects structurally valid Challenger evidence from another task (318.273084ms)
✔ 1.108 rejects a missing lifecycle declaration even when the remaining scenarios are valid (316.887583ms)
✔ 1.108 rejects fixture, mock, seed, or manual paths presented as runtime proof (326.267792ms)
✔ 1.108 preserves every scenario through Business Rule, Impact, and Verification Plan (907.206041ms)
✔ 1.108 fails when Change Impact drops one Business Universe scenario (502.712292ms)
✔ 1.108 preserves every scenario through Plan Review, Test Evidence, Execution Assurance, and Completion (12381.329666ms)
✔ 1.108 rejects a scenario removed from a downstream completion consumer (2956.2595ms)
✔ routing is conditional and keeps technical judgment away from the user (3.605375ms)
✔ exact effective proof passes strict checking (86.432083ms)
✔ PASS-like evidence cannot hide semantic mismatch or missing failure capability (147.206667ms)
✔ changed implementation and copied-project evidence fail closed (146.687916ms)
✔ filenames cannot grant current authority; only explicit report selection can (178.75275ms)
✔ bounded adapters reject shell, network, secrets, and unsafe cleanup (0.574375ms)
✔ blocked bindings are valid only as explicit non-ready evidence (1.113166ms)
✔ Plan Review accepts digest-only Control Effectiveness identity without weakening task binding (138.154458ms)
✔ current manifest passes strict authority checks (190.967042ms)
✔ 1.113 manifest closes imported and runtime-script distribution dependencies (0.900084ms)
✔ manifest checker fails closed when a distributed import is omitted (118.106875ms)
✔ manifest checker fails closed when a package runtime script is outside source authority (113.80125ms)
✔ installed managed manifest overrides a stale root manifest (1.085125ms)
✔ an arbitrary project root manifest is not source authority (1.011042ms)
▶ strict schema rejects unknown fields at every manifest layer
  ✔ root (47.67975ms)
  ✔ group (46.601916ms)
  ✔ compatibility (48.409709ms)
  ✔ copy rules (53.770916ms)
  ✔ copy rule item (48.167042ms)
✔ strict schema rejects unknown fields at every manifest layer (245.525292ms)
✔ checker rejects an exact duplicate target (50.488584ms)
✔ checker rejects conflicting source-to-target mappings (56.604667ms)
✔ checker rejects redundant ancestor-child mappings (57.038916ms)
✔ checker rejects conflicting target-space overlaps (79.703541ms)
✔ reverse drift guard covers every current test and schema source (125.102459ms)
✔ reverse drift ignores an untracked draft outside the exact Git candidate (123.268459ms)
✔ manifest cannot declare an untracked worktree file as source authority (118.529833ms)
✔ manifest copy directories cannot smuggle untracked worktree files (123.354416ms)
✔ manifest strict validation fails when the Git candidate is unreadable (1682.181083ms)
✔ hosted GitHub Actions is optional while local checker core remains distributed (0.390291ms)
✔ normalized manifest preserves generated assets (12770.011084ms)
✔ operating baseline consumption preserves LOW advisories after strict baselines pass (0.758833ms)
✔ operating baseline consumption rejects missing, stale, and incomplete baseline authority (0.244375ms)
✔ LOW planning emits one non-authorizing Execution Entry Contract (495.172459ms)
✔ implicit Execution Entry Contract selection fails closed when current reports are ambiguous (353.510917ms)
✔ POSSIBLE_HIGH remains discovery-only and emits no contract (368.835917ms)
✔ task mismatch fails closed and cannot emit a contract (232.834ms)
✔ strict checker fails with no report while explicit distribution smoke may skip (176.162875ms)
✔ source drift invalidates an existing ready report (308.940959ms)
✔ repository batch preserves historical planning closures while explicit old selection stays strict (541.066584ms)
✔ repository Plan Review batch audits history without promoting it to current authority (2925.935083ms)
ℹ tests 53
ℹ suites 0
ℹ pass 53
ℹ fail 0
ℹ cancelled 0
ℹ skipped 0
ℹ todo 0
ℹ duration_ms 40779.597208

process_signal=none
